[2020-10-07 13:39:09 : INFO] - Could not find file for image: ID=7345, file=/homepages/40/d393556749/htdocs/Sparfuchs-Gutschein/wp-content/uploads/2013/08/das-1und1-prinzip.png 
[2020-10-07 13:39:09 : INFO] - Could not find file for image: ID=7104, file=/homepages/40/d393556749/htdocs/Sparfuchs-Gutschein/wp-content/uploads/2013/08/OTTO.jpg 
[2020-10-07 13:39:09 : INFO] - Could not find file for image: ID=7092, file=/homepages/40/d393556749/htdocs/Sparfuchs-Gutschein/wp-content/uploads/2013/11/druckerzubehoer.jpg 
[2020-10-07 13:39:09 : INFO] - Could not find file for image: ID=6856, file=/homepages/40/d393556749/htdocs/Sparfuchs-Gutschein/wp-content/uploads/2013/09/mirapodo.jpg 
[2020-10-07 13:39:09 : INFO] - Could not find file for image: ID=6855, file=/homepages/40/d393556749/htdocs/Sparfuchs-Gutschein/wp-content/uploads/2014/01/sowaswillichauch.jpg 
[2020-10-07 13:39:09 : INFO] - Could not find file for image: ID=6852, file=/homepages/40/d393556749/htdocs/Sparfuchs-Gutschein/wp-content/uploads/2014/01/hotels.jpg 
[2020-10-07 13:39:09 : INFO] - Could not find file for image: ID=6849, file=/homepages/40/d393556749/htdocs/Sparfuchs-Gutschein/wp-content/uploads/2014/01/d-c-fix.jpg 
[2020-10-07 13:39:09 : INFO] - Could not find file for image: ID=6845, file=/homepages/40/d393556749/htdocs/Sparfuchs-Gutschein/wp-content/uploads/2013/08/planet-sports.jpg 
[2020-10-07 13:39:09 : INFO] - Could not find file for image: ID=6839, file=/homepages/40/d393556749/htdocs/Sparfuchs-Gutschein/wp-content/uploads/2013/08/gaastraproshop.jpg 
[2020-10-07 13:39:09 : INFO] - Could not find file for image: ID=6835, file=/homepages/40/d393556749/htdocs/Sparfuchs-Gutschein/wp-content/uploads/2013/10/yachtico.jpg 
[2020-10-07 13:39:09 : INFO] - Could not find file for image: ID=6830, file=/homepages/40/d393556749/htdocs/Sparfuchs-Gutschein/wp-content/uploads/2013/10/abbahoteles.jpg 
[2020-10-07 13:39:09 : INFO] - Could not find file for image: ID=6828, file=/homepages/40/d393556749/htdocs/Sparfuchs-Gutschein/wp-content/uploads/2013/09/lieferando.jpg 
[2020-10-07 13:39:09 : INFO] - Could not find file for image: ID=6827, file=/homepages/40/d393556749/htdocs/Sparfuchs-Gutschein/wp-content/uploads/2013/09/dominos.jpg 
[2020-10-07 13:39:09 : INFO] - Could not find file for image: ID=6732, file=/homepages/40/d393556749/htdocs/Sparfuchs-Gutschein/wp-content/uploads/2013/10/ulla-popken-shop.jpg 
[2020-10-07 13:39:09 : INFO] - Could not find file for image: ID=6729, file=/homepages/40/d393556749/htdocs/Sparfuchs-Gutschein/wp-content/uploads/2013/09/hoh.jpg 
[2020-10-07 13:39:09 : INFO] - Could not find file for image: ID=6727, file=/homepages/40/d393556749/htdocs/Sparfuchs-Gutschein/wp-content/uploads/2013/09/notebooksbilliger.jpg 
[2020-10-07 13:39:09 : INFO] - Could not find file for image: ID=6726, file=/homepages/40/d393556749/htdocs/Sparfuchs-Gutschein/wp-content/uploads/2014/01/allposters.jpg 
[2020-10-07 13:39:09 : INFO] - Could not find file for image: ID=6722, file=/homepages/40/d393556749/htdocs/Sparfuchs-Gutschein/wp-content/uploads/2014/01/meinfoto.jpg 
[2020-10-07 13:39:09 : INFO] - Could not find file for image: ID=6714, file=/homepages/40/d393556749/htdocs/Sparfuchs-Gutschein/wp-content/uploads/2014/01/nike.jpg 
[2020-10-07 13:39:09 : INFO] - Could not find file for image: ID=6703, file=/homepages/40/d393556749/htdocs/Sparfuchs-Gutschein/wp-content/uploads/2013/09/napster.jpg 
[2020-10-07 13:39:09 : INFO] - Could not find file for image: ID=6694, file=/homepages/40/d393556749/htdocs/Sparfuchs-Gutschein/wp-content/uploads/2013/08/baur.jpg 
[2020-10-07 13:39:09 : INFO] - Could not find file for image: ID=6674, file=/homepages/40/d393556749/htdocs/Sparfuchs-Gutschein/wp-content/uploads/2013/08/baby-markt.jpg 
[2020-10-07 13:39:09 : INFO] - Could not find file for image: ID=6642, file=/homepages/40/d393556749/htdocs/Sparfuchs-Gutschein/wp-content/uploads/2013/09/der-zuckerbaecker.jpg 
[2020-10-07 13:39:09 : INFO] - Could not find file for image: ID=6637, file=/homepages/40/d393556749/htdocs/Sparfuchs-Gutschein/wp-content/uploads/2013/09/webergrill.jpg 
[2020-10-07 13:39:09 : INFO] - Could not find file for image: ID=6631, file=/homepages/40/d393556749/htdocs/Sparfuchs-Gutschein/wp-content/uploads/2014/01/hundeland.jpg 
[2020-10-07 13:39:09 : INFO] - Could not find file for image: ID=6623, file=/homepages/40/d393556749/htdocs/Sparfuchs-Gutschein/wp-content/uploads/2013/09/nici-shop.jpg 
[2020-10-07 13:39:09 : INFO] - Could not find file for image: ID=6619, file=/homepages/40/d393556749/htdocs/Sparfuchs-Gutschein/wp-content/uploads/2013/10/brandlet.jpg 
[2020-10-07 13:39:09 : INFO] - Could not find file for image: ID=6617, file=/homepages/40/d393556749/htdocs/Sparfuchs-Gutschein/wp-content/uploads/2013/09/hitmeister.jpg 
[2020-10-07 13:39:09 : INFO] - Could not find file for image: ID=6615, file=/homepages/40/d393556749/htdocs/Sparfuchs-Gutschein/wp-content/uploads/2013/08/weg-de.jpg 
[2020-10-07 13:39:09 : INFO] - Could not find file for image: ID=6612, file=/homepages/40/d393556749/htdocs/Sparfuchs-Gutschein/wp-content/uploads/2013/10/BABIEsRUS.jpg 
[2020-10-07 13:39:09 : INFO] - Could not find file for image: ID=6611, file=/homepages/40/d393556749/htdocs/Sparfuchs-Gutschein/wp-content/uploads/2013/08/toysrus.jpg 
[2020-10-07 13:39:09 : INFO] - Could not find file for image: ID=6607, file=/homepages/40/d393556749/htdocs/Sparfuchs-Gutschein/wp-content/uploads/2013/10/Wäschepur.jpg 
[2020-10-07 13:39:09 : INFO] - Could not find file for image: ID=6604, file=/homepages/40/d393556749/htdocs/Sparfuchs-Gutschein/wp-content/uploads/2013/10/Apotheke.jpg 
[2020-10-07 13:39:09 : INFO] - Could not find file for image: ID=6602, file=/homepages/40/d393556749/htdocs/Sparfuchs-Gutschein/wp-content/uploads/2013/11/Capelli-shop.jpg 
[2020-10-07 13:39:09 : INFO] - Could not find file for image: ID=6600, file=/homepages/40/d393556749/htdocs/Sparfuchs-Gutschein/wp-content/uploads/2013/09/overkillshop.jpg 
[2020-10-07 13:39:09 : INFO] - Could not find file for image: ID=6598, file=/homepages/40/d393556749/htdocs/Sparfuchs-Gutschein/wp-content/uploads/2013/09/outletcity.jpg 
[2020-10-07 13:39:09 : INFO] - Could not find file for image: ID=6593, file=/homepages/40/d393556749/htdocs/Sparfuchs-Gutschein/wp-content/uploads/2013/09/american-apparel.jpg 
[2020-10-07 13:39:09 : INFO] - Could not find file for image: ID=6591, file=/homepages/40/d393556749/htdocs/Sparfuchs-Gutschein/wp-content/uploads/2013/10/albertoshop.jpg 
[2020-10-07 13:39:09 : INFO] - Could not find file for image: ID=6589, file=/homepages/40/d393556749/htdocs/Sparfuchs-Gutschein/wp-content/uploads/2013/09/redstore.jpg 
[2020-10-07 13:39:09 : INFO] - Could not find file for image: ID=6587, file=/homepages/40/d393556749/htdocs/Sparfuchs-Gutschein/wp-content/uploads/2013/09/tommy-hilfiger.jpg 
[2020-10-07 13:39:09 : INFO] - Could not find file for image: ID=6585, file=/homepages/40/d393556749/htdocs/Sparfuchs-Gutschein/wp-content/uploads/2013/09/abercrombie.jpg 
[2020-10-07 13:39:09 : INFO] - Could not find file for image: ID=6583, file=/homepages/40/d393556749/htdocs/Sparfuchs-Gutschein/wp-content/uploads/2013/08/spreadshirt.jpg 
[2020-10-07 13:39:09 : INFO] - Could not find file for image: ID=6580, file=/homepages/40/d393556749/htdocs/Sparfuchs-Gutschein/wp-content/uploads/2013/09/dasbeste-shop.jpg 
[2020-10-07 13:39:09 : INFO] - Could not find file for image: ID=6578, file=/homepages/40/d393556749/htdocs/Sparfuchs-Gutschein/wp-content/uploads/2013/09/magix.jpg 
[2020-10-07 13:39:09 : INFO] - Could not find file for image: ID=6576, file=/homepages/40/d393556749/htdocs/Sparfuchs-Gutschein/wp-content/uploads/2013/09/sehtraeume.jpg 
[2020-10-07 13:39:09 : INFO] - Could not find file for image: ID=6574, file=/homepages/40/d393556749/htdocs/Sparfuchs-Gutschein/wp-content/uploads/2013/09/schneider.jpg 
[2020-10-07 13:39:09 : INFO] - Could not find file for image: ID=6572, file=/homepages/40/d393556749/htdocs/Sparfuchs-Gutschein/wp-content/uploads/2013/11/DesignGeschenk.jpg 
[2020-10-07 13:39:09 : INFO] - Could not find file for image: ID=6570, file=/homepages/40/d393556749/htdocs/Sparfuchs-Gutschein/wp-content/uploads/2013/10/acrylglas-foto.jpg 
[2020-10-07 13:39:09 : INFO] - Could not find file for image: ID=6567, file=/homepages/40/d393556749/htdocs/Sparfuchs-Gutschein/wp-content/uploads/2013/09/Coolstuff.jpg 
[2020-10-07 13:39:09 : INFO] - Could not find file for image: ID=6565, file=/homepages/40/d393556749/htdocs/Sparfuchs-Gutschein/wp-content/uploads/2013/10/alpha-music.jpg 
[2020-10-07 13:39:09 : INFO] - Could not find file for image: ID=6563, file=/homepages/40/d393556749/htdocs/Sparfuchs-Gutschein/wp-content/uploads/2013/10/Zauberschuppen.jpg 
[2020-10-07 13:39:09 : INFO] - Could not find file for image: ID=6561, file=/homepages/40/d393556749/htdocs/Sparfuchs-Gutschein/wp-content/uploads/2013/10/3dhanddesign.jpg 
[2020-10-07 13:39:09 : INFO] - Could not find file for image: ID=6558, file=/homepages/40/d393556749/htdocs/Sparfuchs-Gutschein/wp-content/uploads/2013/10/topparfumerie.jpg 
[2020-10-07 13:39:09 : INFO] - Could not find file for image: ID=6555, file=/homepages/40/d393556749/htdocs/Sparfuchs-Gutschein/wp-content/uploads/2013/09/loccitane.jpg 
[2020-10-07 13:39:09 : INFO] - Could not find file for image: ID=6551, file=/homepages/40/d393556749/htdocs/Sparfuchs-Gutschein/wp-content/uploads/2013/09/ibood.jpg 
[2020-10-07 13:39:09 : INFO] - Could not find file for image: ID=6549, file=/homepages/40/d393556749/htdocs/Sparfuchs-Gutschein/wp-content/uploads/2013/11/CCBparis.jpg 
[2020-10-07 13:39:09 : INFO] - Could not find file for image: ID=6548, file=/homepages/40/d393556749/htdocs/Sparfuchs-Gutschein/wp-content/uploads/2013/09/beauty-scouts.jpg 
[2020-10-07 13:39:09 : INFO] - Could not find file for image: ID=6546, file=/homepages/40/d393556749/htdocs/Sparfuchs-Gutschein/wp-content/uploads/2013/09/comma-store.jpg 
[2020-10-07 13:39:09 : INFO] - Could not find file for image: ID=6532, file=/homepages/40/d393556749/htdocs/Sparfuchs-Gutschein/wp-content/uploads/2013/08/kinderbutt-de.jpg 
[2020-10-07 13:39:09 : INFO] - Could not find file for image: ID=6525, file=/homepages/40/d393556749/htdocs/Sparfuchs-Gutschein/wp-content/uploads/2013/08/soliver.jpg 
[2020-10-07 13:39:09 : INFO] - Could not find file for image: ID=6523, file=/homepages/40/d393556749/htdocs/Sparfuchs-Gutschein/wp-content/uploads/2013/09/bader.jpg 
[2020-10-07 13:39:09 : INFO] - Could not find file for image: ID=6521, file=/homepages/40/d393556749/htdocs/Sparfuchs-Gutschein/wp-content/uploads/2013/09/morninglory.jpg 
[2020-10-07 13:39:09 : INFO] - Could not find file for image: ID=6519, file=/homepages/40/d393556749/htdocs/Sparfuchs-Gutschein/wp-content/uploads/2013/09/ooge.jpg 
[2020-10-07 13:39:09 : INFO] - Could not find file for image: ID=6484, file=/homepages/40/d393556749/htdocs/Sparfuchs-Gutschein/wp-content/uploads/2013/08/zalando.jpg 
[2020-10-07 13:39:09 : INFO] - Could not find file for image: ID=6476, file=/homepages/40/d393556749/htdocs/Sparfuchs-Gutschein/wp-content/uploads/2013/09/flip4new.jpg 
[2020-10-07 13:39:09 : INFO] - Could not find file for image: ID=6473, file=/homepages/40/d393556749/htdocs/Sparfuchs-Gutschein/wp-content/uploads/2013/09/fashionsisters.jpg 
[2020-10-07 13:39:09 : INFO] - Could not find file for image: ID=6471, file=/homepages/40/d393556749/htdocs/Sparfuchs-Gutschein/wp-content/uploads/2013/10/urban-stylistics.jpg 
[2020-10-07 13:39:09 : INFO] - Could not find file for image: ID=6468, file=/homepages/40/d393556749/htdocs/Sparfuchs-Gutschein/wp-content/uploads/2013/09/optixone.jpg 
[2020-10-07 13:39:09 : INFO] - Could not find file for image: ID=6465, file=/homepages/40/d393556749/htdocs/Sparfuchs-Gutschein/wp-content/uploads/2013/08/ab-in-den-urlaub.jpg 
[2020-10-07 13:39:09 : INFO] - Could not find file for image: ID=6462, file=/homepages/40/d393556749/htdocs/Sparfuchs-Gutschein/wp-content/uploads/2013/10/travel24.jpg 
[2020-10-07 13:39:09 : INFO] - Could not find file for image: ID=6424, file=/homepages/40/d393556749/htdocs/Sparfuchs-Gutschein/wp-content/uploads/2013/09/Herrenausstatter-mode.jpg 
[2020-10-07 13:39:09 : INFO] - Could not find file for image: ID=6418, file=/homepages/40/d393556749/htdocs/Sparfuchs-Gutschein/wp-content/uploads/2013/12/thehut.jpg 
[2020-10-07 13:39:09 : INFO] - Could not find file for image: ID=6413, file=/homepages/40/d393556749/htdocs/Sparfuchs-Gutschein/wp-content/uploads/2013/10/zonzoo.jpg 
[2020-10-07 13:39:09 : INFO] - Could not find file for image: ID=6410, file=/homepages/40/d393556749/htdocs/Sparfuchs-Gutschein/wp-content/uploads/2013/12/jochen-schweizer.jpg 
[2020-10-07 13:39:09 : INFO] - Could not find file for image: ID=6407, file=/homepages/40/d393556749/htdocs/Sparfuchs-Gutschein/wp-content/uploads/2013/08/schuhtempel24.jpg 
[2020-10-07 13:39:09 : INFO] - Could not find file for image: ID=6404, file=/homepages/40/d393556749/htdocs/Sparfuchs-Gutschein/wp-content/uploads/2013/09/myfab.jpg 
[2020-10-07 13:39:09 : INFO] - Could not find file for image: ID=6398, file=/homepages/40/d393556749/htdocs/Sparfuchs-Gutschein/wp-content/uploads/2013/08/hse24.jpg 
[2020-10-07 13:39:09 : INFO] - Could not find file for image: ID=6396, file=/homepages/40/d393556749/htdocs/Sparfuchs-Gutschein/wp-content/uploads/2013/08/myToys.jpg 
[2020-10-07 13:39:09 : INFO] - Could not find file for image: ID=6394, file=/homepages/40/d393556749/htdocs/Sparfuchs-Gutschein/wp-content/uploads/2013/08/mister-spex.jpg 
[2020-10-07 13:39:09 : INFO] - Could not find file for image: ID=6370, file=/homepages/40/d393556749/htdocs/Sparfuchs-Gutschein/wp-content/uploads/2013/11/Dirndl.jpg 
[2020-10-07 13:39:09 : INFO] - Could not find file for image: ID=6278, file=/homepages/40/d393556749/htdocs/Sparfuchs-Gutschein/wp-content/uploads/2013/09/eltern.jpg 
[2020-10-07 13:39:09 : INFO] - Could not find file for image: ID=6276, file=/homepages/40/d393556749/htdocs/Sparfuchs-Gutschein/wp-content/uploads/2013/10/21Run.jpg 
[2020-10-07 13:39:09 : INFO] - Could not find file for image: ID=6274, file=/homepages/40/d393556749/htdocs/Sparfuchs-Gutschein/wp-content/uploads/2013/10/UDOBÄR.jpg 
[2020-10-07 13:39:09 : INFO] - Could not find file for image: ID=6240, file=/homepages/40/d393556749/htdocs/Sparfuchs-Gutschein/wp-content/uploads/2013/08/conrad.jpg 
[2020-10-07 13:39:09 : INFO] - Could not find file for image: ID=6224, file=/homepages/40/d393556749/htdocs/Sparfuchs-Gutschein/wp-content/uploads/2013/09/baludo.jpg 
[2020-10-07 13:39:09 : INFO] - Could not find file for image: ID=6222, file=/homepages/40/d393556749/htdocs/Sparfuchs-Gutschein/wp-content/uploads/2013/09/weightwatchers.jpg 
[2020-10-07 13:39:09 : INFO] - Could not find file for image: ID=6220, file=/homepages/40/d393556749/htdocs/Sparfuchs-Gutschein/wp-content/uploads/2013/09/konsolex.jpg 
[2020-10-07 13:39:09 : INFO] - Could not find file for image: ID=6215, file=/homepages/40/d393556749/htdocs/Sparfuchs-Gutschein/wp-content/uploads/2013/08/ing-diba.jpg 
[2020-10-07 13:39:09 : INFO] - Could not find file for image: ID=6203, file=/homepages/40/d393556749/htdocs/Sparfuchs-Gutschein/wp-content/uploads/2013/08/Baby-Butt.jpg 
[2020-10-07 13:39:09 : INFO] - Could not find file for image: ID=6198, file=/homepages/40/d393556749/htdocs/Sparfuchs-Gutschein/wp-content/uploads/2013/09/optikplus.jpg 
[2020-10-07 13:39:09 : INFO] - Could not find file for image: ID=6196, file=/homepages/40/d393556749/htdocs/Sparfuchs-Gutschein/wp-content/uploads/2013/08/orsay.jpg 
[2020-10-07 13:39:09 : INFO] - Could not find file for image: ID=6193, file=/homepages/40/d393556749/htdocs/Sparfuchs-Gutschein/wp-content/uploads/2013/09/Shop-Apotheke.jpg 
[2020-10-07 13:39:09 : INFO] - Could not find file for image: ID=6189, file=/homepages/40/d393556749/htdocs/Sparfuchs-Gutschein/wp-content/uploads/2013/09/zur-Rose.jpg 
[2020-10-07 13:39:09 : INFO] - Could not find file for image: ID=6185, file=/homepages/40/d393556749/htdocs/Sparfuchs-Gutschein/wp-content/uploads/2013/12/weinvorteil.jpg 
[2020-10-07 13:39:09 : INFO] - Could not find file for image: ID=6175, file=/homepages/40/d393556749/htdocs/Sparfuchs-Gutschein/wp-content/uploads/2013/09/Reifenchampion.jpg 
[2020-10-07 13:39:09 : INFO] - Could not find file for image: ID=6169, file=/homepages/40/d393556749/htdocs/Sparfuchs-Gutschein/wp-content/uploads/2013/11/carcredit.jpg 
[2020-10-07 13:39:09 : INFO] - Could not find file for image: ID=6168, file=/homepages/40/d393556749/htdocs/Sparfuchs-Gutschein/wp-content/uploads/2013/09/Autoteile-OWL.jpg 
[2020-10-07 13:39:09 : INFO] - Could not find file for image: ID=6159, file=/homepages/40/d393556749/htdocs/Sparfuchs-Gutschein/wp-content/uploads/2013/10/SportScheck.jpg 
[2020-10-07 13:39:09 : INFO] - Could not find file for image: ID=6157, file=/homepages/40/d393556749/htdocs/Sparfuchs-Gutschein/wp-content/uploads/2013/10/Valentins.jpg 
[2020-10-07 13:39:09 : INFO] - Could not find file for image: ID=6154, file=/homepages/40/d393556749/htdocs/Sparfuchs-Gutschein/wp-content/uploads/2013/09/impressionen.jpg 
[2020-10-07 13:39:09 : INFO] - Could not find file for image: ID=6152, file=/homepages/40/d393556749/htdocs/Sparfuchs-Gutschein/wp-content/uploads/2013/08/zalando-lounge.jpg 
[2020-10-07 13:39:09 : INFO] - Could not find file for image: ID=6149, file=/homepages/40/d393556749/htdocs/Sparfuchs-Gutschein/wp-content/uploads/2013/09/bellomode.jpg 
[2020-10-07 13:39:09 : INFO] - Could not find file for image: ID=6148, file=/homepages/40/d393556749/htdocs/Sparfuchs-Gutschein/wp-content/uploads/2013/09/empressia.jpg 
[2020-10-07 13:39:09 : INFO] - Could not find file for image: ID=6139, file=/homepages/40/d393556749/htdocs/Sparfuchs-Gutschein/wp-content/uploads/2013/09/bugatti-fashion.jpg 
[2020-10-07 13:39:09 : INFO] - Could not find file for image: ID=6137, file=/homepages/40/d393556749/htdocs/Sparfuchs-Gutschein/wp-content/uploads/2013/09/deichmann.jpg 
[2020-10-07 13:39:09 : INFO] - Could not find file for image: ID=6133, file=/homepages/40/d393556749/htdocs/Sparfuchs-Gutschein/wp-content/uploads/2013/09/sarenza.jpg 
[2020-10-07 13:39:09 : INFO] - Could not find file for image: ID=6132, file=/homepages/40/d393556749/htdocs/Sparfuchs-Gutschein/wp-content/uploads/2013/09/OFFICE-Partner.jpg 
[2020-10-07 13:39:09 : INFO] - Could not find file for image: ID=6127, file=/homepages/40/d393556749/htdocs/Sparfuchs-Gutschein/wp-content/uploads/2013/09/lucas-tierwelt.jpg 
[2020-10-07 13:39:09 : INFO] - Could not find file for image: ID=6117, file=/homepages/40/d393556749/htdocs/Sparfuchs-Gutschein/wp-content/uploads/2013/09/kochzauber.jpg 
[2020-10-07 13:39:09 : INFO] - Could not find file for image: ID=6112, file=/homepages/40/d393556749/htdocs/Sparfuchs-Gutschein/wp-content/uploads/2013/08/wrappz.jpg 
[2020-10-07 13:39:09 : INFO] - Could not find file for image: ID=6104, file=/homepages/40/d393556749/htdocs/Sparfuchs-Gutschein/wp-content/uploads/2013/12/neoliving.de_.jpg 
[2020-10-07 13:39:09 : INFO] - Could not find file for image: ID=6096, file=/homepages/40/d393556749/htdocs/Sparfuchs-Gutschein/wp-content/uploads/2013/12/anzuege.jpg 
[2020-10-07 13:39:09 : INFO] - Could not find file for image: ID=6093, file=/homepages/40/d393556749/htdocs/Sparfuchs-Gutschein/wp-content/uploads/2013/08/SONY.jpg 
[2020-10-07 13:39:09 : INFO] - Could not find file for image: ID=6083, file=/homepages/40/d393556749/htdocs/Sparfuchs-Gutschein/wp-content/uploads/2013/09/DriveNow.jpg 
[2020-10-07 13:39:09 : INFO] - Could not find file for image: ID=6081, file=/homepages/40/d393556749/htdocs/Sparfuchs-Gutschein/wp-content/uploads/2013/09/autodesk.jpg 
[2020-10-07 13:39:09 : INFO] - Could not find file for image: ID=6079, file=/homepages/40/d393556749/htdocs/Sparfuchs-Gutschein/wp-content/uploads/2013/09/ADAC.jpg 
[2020-10-07 13:39:09 : INFO] - Could not find file for image: ID=6077, file=/homepages/40/d393556749/htdocs/Sparfuchs-Gutschein/wp-content/uploads/2013/08/AutoScout24.jpg 
[2020-10-07 13:39:09 : INFO] - Could not find file for image: ID=6071, file=/homepages/40/d393556749/htdocs/Sparfuchs-Gutschein/wp-content/uploads/2013/09/tirendo.jpg 
[2020-10-07 13:39:09 : INFO] - Could not find file for image: ID=6063, file=/homepages/40/d393556749/htdocs/Sparfuchs-Gutschein/wp-content/uploads/2013/09/mexx.jpg 
[2020-10-07 13:39:09 : INFO] - Could not find file for image: ID=6038, file=/homepages/40/d393556749/htdocs/Sparfuchs-Gutschein/wp-content/uploads/2013/08/home24.jpg 
[2020-10-07 13:39:09 : INFO] - Could not find file for image: ID=6030, file=/homepages/40/d393556749/htdocs/Sparfuchs-Gutschein/wp-content/uploads/2013/09/area2buy.jpg 
[2020-10-07 13:39:09 : INFO] - Could not find file for image: ID=6028, file=/homepages/40/d393556749/htdocs/Sparfuchs-Gutschein/wp-content/uploads/2013/09/mirabeau.jpg 
[2020-10-07 13:39:09 : INFO] - Could not find file for image: ID=6021, file=/homepages/40/d393556749/htdocs/Sparfuchs-Gutschein/wp-content/uploads/2013/08/adidas.jpg 
[2020-10-07 13:39:09 : INFO] - Could not find file for image: ID=6017, file=/homepages/40/d393556749/htdocs/Sparfuchs-Gutschein/wp-content/uploads/2013/09/asos.jpg 
[2020-10-07 13:39:09 : INFO] - Could not find file for image: ID=6014, file=/homepages/40/d393556749/htdocs/Sparfuchs-Gutschein/wp-content/uploads/2013/08/redcoon.jpg 
[2020-10-07 13:39:09 : INFO] - Could not find file for image: ID=6001, file=/homepages/40/d393556749/htdocs/Sparfuchs-Gutschein/wp-content/uploads/2013/09/zarima.jpg 
[2020-10-07 13:39:09 : INFO] - Could not find file for image: ID=5999, file=/homepages/40/d393556749/htdocs/Sparfuchs-Gutschein/wp-content/uploads/2013/08/saturn.jpg 
[2020-10-07 13:39:09 : INFO] - Could not find file for image: ID=5989, file=/homepages/40/d393556749/htdocs/Sparfuchs-Gutschein/wp-content/uploads/2013/09/fressnapf.jpg 
[2020-10-07 13:39:09 : INFO] - Could not find file for image: ID=5987, file=/homepages/40/d393556749/htdocs/Sparfuchs-Gutschein/wp-content/uploads/2013/09/bonprix.jpg 
[2020-10-07 13:39:09 : INFO] - Could not find file for image: ID=5985, file=/homepages/40/d393556749/htdocs/Sparfuchs-Gutschein/wp-content/uploads/2013/09/koffer-direkt.jpg 
[2020-10-07 13:39:09 : INFO] - Could not find file for image: ID=5981, file=/homepages/40/d393556749/htdocs/Sparfuchs-Gutschein/wp-content/uploads/2013/08/CA.jpg 
[2020-10-07 13:39:09 : INFO] - Could not find file for image: ID=5979, file=/homepages/40/d393556749/htdocs/Sparfuchs-Gutschein/wp-content/uploads/2013/10/lacoste.jpg 
[2020-10-07 13:39:09 : INFO] - Could not find file for image: ID=5975, file=/homepages/40/d393556749/htdocs/Sparfuchs-Gutschein/wp-content/uploads/2013/08/frontlineshop.jpg 
[2020-10-07 13:39:09 : INFO] - Could not find file for image: ID=5939, file=/homepages/40/d393556749/htdocs/Sparfuchs-Gutschein/wp-content/uploads/2013/08/zooplus.jpg 
[2020-10-07 13:39:09 : INFO] - Could not find file for image: ID=5937, file=/homepages/40/d393556749/htdocs/Sparfuchs-Gutschein/wp-content/uploads/2013/08/douglas.jpg 
[2020-10-07 13:39:09 : INFO] - Could not find file for image: ID=5932, file=/homepages/40/d393556749/htdocs/Sparfuchs-Gutschein/wp-content/uploads/2013/09/katzenland.jpg 
[2020-10-07 13:39:09 : INFO] - Could not find file for image: ID=5930, file=/homepages/40/d393556749/htdocs/Sparfuchs-Gutschein/wp-content/uploads/2013/10/uhren-onda.jpg 
[2020-10-07 13:39:09 : INFO] - Could not find file for image: ID=5928, file=/homepages/40/d393556749/htdocs/Sparfuchs-Gutschein/wp-content/uploads/2013/09/Fotoalbumfotobuch.jpg 
[2020-10-07 13:39:09 : INFO] - Could not find file for image: ID=5926, file=/homepages/40/d393556749/htdocs/Sparfuchs-Gutschein/wp-content/uploads/2013/09/brands4friends.jpg 
[2020-10-07 13:39:09 : INFO] - Could not find file for image: ID=5923, file=/homepages/40/d393556749/htdocs/Sparfuchs-Gutschein/wp-content/uploads/2013/09/3suisses.jpg 
[2020-10-07 13:39:09 : INFO] - Could not find file for image: ID=5911, file=/homepages/40/d393556749/htdocs/Sparfuchs-Gutschein/wp-content/uploads/2013/09/Herrenausstatter.jpg 
[2020-10-07 13:39:09 : INFO] - Could not find file for image: ID=5909, file=/homepages/40/d393556749/htdocs/Sparfuchs-Gutschein/wp-content/uploads/2013/08/esprit.jpg 
[2020-10-07 13:39:09 : INFO] - Could not find file for image: ID=5904, file=/homepages/40/d393556749/htdocs/Sparfuchs-Gutschein/wp-content/uploads/2013/09/schiesser.jpg 
[2020-10-07 13:39:09 : INFO] - Could not find file for image: ID=5902, file=/homepages/40/d393556749/htdocs/Sparfuchs-Gutschein/wp-content/uploads/2013/09/medion.jpg 
[2020-10-07 13:39:09 : INFO] - Could not find file for image: ID=5900, file=/homepages/40/d393556749/htdocs/Sparfuchs-Gutschein/wp-content/uploads/2013/09/promod.jpg 
[2020-10-07 13:39:09 : INFO] - Could not find file for image: ID=5898, file=/homepages/40/d393556749/htdocs/Sparfuchs-Gutschein/wp-content/uploads/2013/08/posterxxl.jpg 
[2020-10-07 13:39:09 : INFO] - Could not find file for image: ID=5887, file=/homepages/40/d393556749/htdocs/Sparfuchs-Gutschein/wp-content/uploads/2013/09/christ.jpg 
[2020-10-07 13:39:09 : INFO] - Could not find file for image: ID=5885, file=/homepages/40/d393556749/htdocs/Sparfuchs-Gutschein/wp-content/uploads/2013/09/crocs.jpg 
[2020-10-07 13:39:09 : INFO] - Could not find file for image: ID=5883, file=/homepages/40/d393556749/htdocs/Sparfuchs-Gutschein/wp-content/uploads/2013/08/puma.jpg 
[2020-10-07 13:39:09 : INFO] - Could not find file for image: ID=5876, file=/homepages/40/d393556749/htdocs/Sparfuchs-Gutschein/wp-content/uploads/2013/08/linsenplatz.jpg 
[2020-10-07 13:39:09 : INFO] - Could not find file for image: ID=5870, file=/homepages/40/d393556749/htdocs/Sparfuchs-Gutschein/wp-content/uploads/2013/08/schwab.jpg 
[2020-10-07 13:39:09 : INFO] - Could not find file for image: ID=5862, file=/homepages/40/d393556749/htdocs/Sparfuchs-Gutschein/wp-content/uploads/2013/09/miflora.jpg 
[2020-10-07 13:39:09 : INFO] - Could not find file for image: ID=5859, file=/homepages/40/d393556749/htdocs/Sparfuchs-Gutschein/wp-content/uploads/2013/09/eu-versandapotheke.jpg 
[2020-10-07 13:39:09 : INFO] - Could not find file for image: ID=5855, file=/homepages/40/d393556749/htdocs/Sparfuchs-Gutschein/wp-content/uploads/2013/09/karstadt.jpg 
[2020-10-07 13:39:09 : INFO] - Could not find file for image: ID=5853, file=/homepages/40/d393556749/htdocs/Sparfuchs-Gutschein/wp-content/uploads/2013/09/jepo.jpg 
[2020-10-07 13:39:09 : INFO] - Could not find file for image: ID=5848, file=/homepages/40/d393556749/htdocs/Sparfuchs-Gutschein/wp-content/uploads/2013/08/MundM1.jpg 
[2020-10-07 13:39:09 : INFO] - Could not find file for image: ID=5847, file=/homepages/40/d393556749/htdocs/Sparfuchs-Gutschein/wp-content/uploads/2013/08/MundM.jpg 
[2020-10-07 13:39:09 : INFO] - Could not find file for image: ID=5846, file=/homepages/40/d393556749/htdocs/Sparfuchs-Gutschein/wp-content/uploads/2013/09/yoox.jpg 
[2020-10-07 13:39:09 : INFO] - Could not find file for image: ID=5844, file=/homepages/40/d393556749/htdocs/Sparfuchs-Gutschein/wp-content/uploads/2013/08/swarovski.jpg 
[2020-10-07 13:39:09 : INFO] - Could not find file for image: ID=5840, file=/homepages/40/d393556749/htdocs/Sparfuchs-Gutschein/wp-content/uploads/2013/08/yves-rocher.jpg 
[2020-10-07 13:39:09 : INFO] - Could not find file for image: ID=5822, file=/homepages/40/d393556749/htdocs/Sparfuchs-Gutschein/wp-content/uploads/2013/09/diesen-samstag.jpg 
[2020-10-07 13:39:09 : INFO] - Could not find file for image: ID=5804, file=/homepages/40/d393556749/htdocs/Sparfuchs-Gutschein/wp-content/uploads/2013/08/heine.jpg 
[2020-10-07 13:39:09 : INFO] - Could not find file for image: ID=5792, file=/homepages/40/d393556749/htdocs/Sparfuchs-Gutschein/wp-content/uploads/2013/08/HundM1.jpg 
[2020-10-07 13:39:09 : INFO] - Could not find file for image: ID=5789, file=/homepages/40/d393556749/htdocs/Sparfuchs-Gutschein/wp-content/uploads/2013/09/holidaycheck.jpg 
[2020-10-07 13:39:09 : INFO] - Could not find file for image: ID=5785, file=/homepages/40/d393556749/htdocs/Sparfuchs-Gutschein/wp-content/uploads/2013/08/tchibo.jpg 
[2020-10-07 13:39:09 : INFO] - Could not find file for image: ID=5780, file=/homepages/40/d393556749/htdocs/Sparfuchs-Gutschein/wp-content/uploads/2013/08/obi.jpg 
[2020-10-07 13:39:09 : INFO] - Could not find file for image: ID=5775, file=/homepages/40/d393556749/htdocs/Sparfuchs-Gutschein/wp-content/uploads/2013/09/guna.jpg 
[2020-10-07 13:39:09 : INFO] - Could not find file for image: ID=5765, file=/homepages/40/d393556749/htdocs/Sparfuchs-Gutschein/wp-content/uploads/2013/10/24COLOURS.jpg 
[2020-10-07 13:39:09 : INFO] - Could not find file for image: ID=5763, file=/homepages/40/d393556749/htdocs/Sparfuchs-Gutschein/wp-content/uploads/2013/09/buffalo-shop.jpg 
[2020-10-07 13:39:09 : INFO] - Could not find file for image: ID=5759, file=/homepages/40/d393556749/htdocs/Sparfuchs-Gutschein/wp-content/uploads/2013/10/bol.jpg 
[2020-10-07 13:39:09 : INFO] - Could not find file for image: ID=5751, file=/homepages/40/d393556749/htdocs/Sparfuchs-Gutschein/wp-content/uploads/2013/09/buch.jpg 
[2020-10-07 13:39:09 : INFO] - Could not find file for image: ID=5742, file=/homepages/40/d393556749/htdocs/Sparfuchs-Gutschein/wp-content/uploads/2013/09/walzkidzz.jpg 
[2020-10-07 13:39:09 : INFO] - Could not find file for image: ID=5634, file=/homepages/40/d393556749/htdocs/Sparfuchs-Gutschein/wp-content/uploads/2013/09/qcaps.jpg 
[2020-10-07 13:39:09 : INFO] - Could not find file for image: ID=4657, file=/homepages/40/d393556749/htdocs/Sparfuchs-Gutschein/wp-content/uploads/2013/08/ottocard-sparen.jpg 
[2020-10-07 13:39:09 : INFO] - Could not find file for image: ID=2589, file=/homepages/40/d393556749/htdocs/Sparfuchs-Gutschein/wp-content/uploads/2013/06/Avatar1.png 
[2020-10-07 13:39:09 : INFO] - Could not find file for image: ID=2588, file=/homepages/40/d393556749/htdocs/Sparfuchs-Gutschein/wp-content/uploads/2013/06/Avatar.png 
[2020-10-07 13:39:09 : INFO] - Could not find file for image: ID=1292, file=/homepages/40/d393556749/htdocs/Sparfuchs-Gutschein/wp-content/uploads/2013/04/fav.png 
[2020-10-07 13:39:09 : INFO] - Could not find file for image: ID=1291, file=/homepages/40/d393556749/htdocs/Sparfuchs-Gutschein/wp-content/uploads/2013/04/sparfuchs_klein.png 
[2020-10-07 13:39:09 : INFO] - Could not find file for image: ID=160, file=/homepages/40/d393556749/htdocs/Sparfuchs-Gutschein/wp-content/uploads/2013/02/Anleitungschritt1.png 
[2020-10-07 13:39:09 : INFO] - Could not find file for image: ID=14, file=/homepages/40/d393556749/htdocs/Sparfuchs-Gutschein/wp-content/uploads/2013/02/fav.png 
[2020-10-07 13:39:09 : INFO] - Could not find file for image: ID=13, file=/homepages/40/d393556749/htdocs/Sparfuchs-Gutschein/wp-content/uploads/2013/02/Banner.png 
